  In file included from main_server.cpp:43:
.\Network_Server.hpp(199,8): warning : variable 'CurrentEventPool' set but not used [-Wunused-but-set-variable]
  In file included from main_server.cpp:47:
  In file included from .\../Lua.hpp:108:
.\..\LuaLibraries/LuaModelLoader.hpp(40,12): warning : unused variable 'VertexIndex' [-Wunused-variable]
.\..\LuaLibraries/LuaModelLoader.hpp(41,13): warning : unused variable 'Mesh' [-Wunused-variable]
.\..\LuaLibraries/LuaModelLoader.hpp(42,12): warning : unused variable 'MeshIndex' [-Wunused-variable]
.\..\LuaLibraries/LuaModelLoader.hpp(43,15): warning : unused variable 'LuaBuffer' [-Wunused-variable]
  In file included from main_server.cpp:47:
  In file included from .\../Lua.hpp:110:
  In file included from .\..\LuaLibraries/LuaGraphics.hpp:23:
  In file included from .\..\LuaLibraries\../ConsoleVars.hpp:8:
.\..\LuaLibraries\..\Memory.hpp(89,5): warning : non-void function does not return a value [-Wreturn-type]
  In file included from main_server.cpp:47:
  In file included from .\../Lua.hpp:111:
.\..\LuaLibraries/LuaInput.hpp(212,47): warning : unused variable 'BindingsTable' [-Wunused-variable]
.\..\LuaLibraries/LuaInput.hpp(212,62): warning : unused variable 'BindingMetatable' [-Wunused-variable]
  In file included from main_server.cpp:47:
  In file included from .\../Lua.hpp:121:
.\..\Server/LuaLibraries/LuaNetwork_Server.hpp(59,6): warning : ignoring return value of function declared with 'nodiscard' attribute [-Wunused-result]
.\..\Server/LuaLibraries/LuaNetwork_Server.hpp(50,12): warning : unused variable 'Userdata' [-Wunused-variable]
.\..\Server/LuaLibraries/LuaNetwork_Server.hpp(34,17): warning : variable 'RemoteEventUD' set but not used [-Wunused-but-set-variable]
.\..\Server/LuaLibraries/LuaNetwork_Server.hpp(45,11): warning : unused variable 'BufferSize' [-Wunused-variable]
.\..\Server/LuaLibraries/LuaNetwork_Server.hpp(73,3): warning : non-void function does not return a value [-Wreturn-type]
  In file included from main_server.cpp:47:
.\../Lua.hpp(127,57): error : no type named 'directory_entry' in namespace 'std::filesystem'
.\../Lua.hpp(135,11): error : member access into incomplete type 'const std::filesystem::path'
C:\Program Files\Microsoft Visual Studio\18\Community\VC\Tools\MSVC\14.51.36231\include\__msvc_filebuf.hpp(30,23): message : forward declaration of 'std::filesystem::path'
  In file included from main_server.cpp:47:
.\../Lua.hpp(136,14): error : invalid operands to binary expression ('ostream' (aka 'basic_ostream<char, char_traits<char>>') and 'const std::filesystem::path')
C:\Program Files\Microsoft Visual Studio\18\Community\VC\Tools\MSVC\14.51.36231\include\__msvc_ostream.hpp(684,32): message : candidate function template not viable: cannot convert argument of incomplete type 'const std::filesystem::path' to 'const char *' for 2nd argument
C:\Program Files\Microsoft Visual Studio\18\Community\VC\Tools\MSVC\14.51.36231\include\__msvc_ostream.hpp(728,32): message : candidate function template not viable: cannot convert argument of incomplete type 'const std::filesystem::path' to 'char' for 2nd argument
C:\Program Files\Microsoft Visual Studio\18\Community\VC\Tools\MSVC\14.51.36231\include\__msvc_ostream.hpp(764,31): message : candidate function template not viable: cannot convert argument of incomplete type 'const std::filesystem::path' to 'const char *' for 2nd argument
C:\Program Files\Microsoft Visual Studio\18\Community\VC\Tools\MSVC\14.51.36231\include\__msvc_ostream.hpp(809,31): message : candidate function template not viable: cannot convert argument of incomplete type 'const std::filesystem::path' to 'char' for 2nd argument
C:\Program Files\Microsoft Visual Studio\18\Community\VC\Tools\MSVC\14.51.36231\include\__msvc_ostream.hpp(926,31): message : candidate function template not viable: cannot convert argument of incomplete type 'const std::filesystem::path' to 'const signed char *' for 2nd argument
C:\Program Files\Microsoft Visual Studio\18\Community\VC\Tools\MSVC\14.51.36231\include\__msvc_ostream.hpp(932,31): message : candidate function template not viable: cannot convert argument of incomplete type 'const std::filesystem::path' to 'signed char' for 2nd argument
C:\Program Files\Microsoft Visual Studio\18\Community\VC\Tools\MSVC\14.51.36231\include\__msvc_ostream.hpp(937,31): message : candidate function template not viable: cannot convert argument of incomplete type 'const std::filesystem::path' to 'const unsigned char *' for 2nd argument
C:\Program Files\Microsoft Visual Studio\18\Community\VC\Tools\MSVC\14.51.36231\include\__msvc_ostream.hpp(943,31): message : candidate function template not viable: cannot convert argument of incomplete type 'const std::filesystem::path' to 'unsigned char' for 2nd argument
C:\Program Files\Microsoft Visual Studio\18\Community\VC\Tools\MSVC\14.51.36231\include\__msvc_ostream.hpp(1027,32): message : candidate function template not viable: cannot convert argument of incomplete type 'const std::filesystem::path' to 'const error_code' for 2nd argument
C:\Program Files\Microsoft Visual Studio\18\Community\VC\Tools\MSVC\14.51.36231\include\thread(298,26): message : candidate function template not viable: cannot convert argument of incomplete type 'const std::filesystem::path' to 'thread::id' for 2nd argument
C:\Program Files\Microsoft Visual Studio\18\Community\VC\Tools\MSVC\14.51.36231\include\__msvc_ostream.hpp(890,32): message : candidate template ignored: deduced conflicting types for parameter '_Elem' ('char' vs. 'std::filesystem::path')
C:\Program Files\Microsoft Visual Studio\18\Community\VC\Tools\MSVC\14.51.36231\include\cstddef(37,27): message : candidate template ignored: requirement 'is_integral_v<std::filesystem::path>' was not satisfied [with _IntType = std::filesystem::path]
C:\Program Files\Microsoft Visual Studio\18\Community\VC\Tools\MSVC\14.51.36231\include\__msvc_string_view.hpp(2119,32): message : candidate template ignored: could not match 'basic_string_view<_Elem, _Traits>' against 'std::filesystem::path'
C:\Program Files\Microsoft Visual Studio\18\Community\VC\Tools\MSVC\14.51.36231\include\xstring(3577,32): message : candidate template ignored: could not match 'const basic_string<_Elem, _Traits, _Alloc>' against 'const std::filesystem::path'
C:\Program Files\Microsoft Visual Studio\18\Community\VC\Tools\MSVC\14.51.36231\include\memory(2015,32): message : candidate template ignored: could not match 'const shared_ptr<_Ty>' against 'const std::filesystem::path'
C:\Program Files\Microsoft Visual Studio\18\Community\VC\Tools\MSVC\14.51.36231\include\memory(3828,32): message : candidate template ignored: could not match 'const unique_ptr<_Yty, _Dx>' against 'const std::filesystem::path'
C:\Program Files\Microsoft Visual Studio\18\Community\VC\Tools\MSVC\14.51.36231\include\__msvc_ostream.hpp(847,32): message : candidate template ignored: could not match 'const _Elem *' against 'std::filesystem::path'
C:\Program Files\Microsoft Visual Studio\18\Community\VC\Tools\MSVC\14.51.36231\include\__msvc_ostream.hpp(1001,9): message : candidate template ignored: substitution failure [with _Ostr = ostream &, _Ty = std::filesystem::path]: 'type name' declared as a pointer to a reference of type 'ostream &' (aka 'basic_ostream<char, char_traits<char>> &')
C:\Program Files\Microsoft Visual Studio\18\Community\VC\Tools\MSVC\14.51.36231\include\__msvc_ostream.hpp(185,39): message : candidate function not viable: cannot convert argument of incomplete type 'const std::filesystem::path' to 'basic_ostream<char, char_traits<char>> &(*)(basic_ostream<char, char_traits<char>> &) __attribute__((cdecl))' for 1st argument
C:\Program Files\Microsoft Visual Studio\18\Community\VC\Tools\MSVC\14.51.36231\include\__msvc_ostream.hpp(190,39): message : candidate function not viable: cannot convert argument of incomplete type 'const std::filesystem::path' to '_Myios &(*)(_Myios &) __attribute__((cdecl))' (aka 'basic_ios<char, std::char_traits<char>> &(*)(basic_ios<char, std::char_traits<char>> &)') for 1st argument
C:\Program Files\Microsoft Visual Studio\18\Community\VC\Tools\MSVC\14.51.36231\include\__msvc_ostream.hpp(196,39): message : candidate function not viable: cannot convert argument of incomplete type 'const std::filesystem::path' to 'ios_base &(*)(ios_base &) __attribute__((cdecl))' for 1st argument
C:\Program Files\Microsoft Visual Studio\18\Community\VC\Tools\MSVC\14.51.36231\include\__msvc_ostream.hpp(202,39): message : candidate function not viable: cannot convert argument of incomplete type 'const std::filesystem::path' to 'bool' for 1st argument
C:\Program Files\Microsoft Visual Studio\18\Community\VC\Tools\MSVC\14.51.36231\include\__msvc_ostream.hpp(220,39): message : candidate function not viable: cannot convert argument of incomplete type 'const std::filesystem::path' to 'short' for 1st argument
C:\Program Files\Microsoft Visual Studio\18\Community\VC\Tools\MSVC\14.51.36231\include\__msvc_ostream.hpp(254,39): message : candidate function not viable: cannot convert argument of incomplete type 'const std::filesystem::path' to 'unsigned short' for 1st argument
C:\Program Files\Microsoft Visual Studio\18\Community\VC\Tools\MSVC\14.51.36231\include\__msvc_ostream.hpp(273,39): message : candidate function not viable: cannot convert argument of incomplete type 'const std::filesystem::path' to 'int' for 1st argument
C:\Program Files\Microsoft Visual Studio\18\Community\VC\Tools\MSVC\14.51.36231\include\__msvc_ostream.hpp(299,39): message : candidate function not viable: cannot convert argument of incomplete type 'const std::filesystem::path' to 'unsigned int' for 1st argument
C:\Program Files\Microsoft Visual Studio\18\Community\VC\Tools\MSVC\14.51.36231\include\__msvc_ostream.hpp(318,39): message : candidate function not viable: cannot convert argument of incomplete type 'const std::filesystem::path' to 'long' for 1st argument
C:\Program Files\Microsoft Visual Studio\18\Community\VC\Tools\MSVC\14.51.36231\include\__msvc_ostream.hpp(336,39): message : candidate function not viable: cannot convert argument of incomplete type 'const std::filesystem::path' to 'unsigned long' for 1st argument
C:\Program Files\Microsoft Visual Studio\18\Community\VC\Tools\MSVC\14.51.36231\include\__msvc_ostream.hpp(354,39): message : candidate function not viable: cannot convert argument of incomplete type 'const std::filesystem::path' to 'long long' for 1st argument
C:\Program Files\Microsoft Visual Studio\18\Community\VC\Tools\MSVC\14.51.36231\include\__msvc_ostream.hpp(372,39): message : candidate function not viable: cannot convert argument of incomplete type 'const std::filesystem::path' to 'unsigned long long' for 1st argument
C:\Program Files\Microsoft Visual Studio\18\Community\VC\Tools\MSVC\14.51.36231\include\__msvc_ostream.hpp(390,39): message : candidate function not viable: cannot convert argument of incomplete type 'const std::filesystem::path' to 'float' for 1st argument
C:\Program Files\Microsoft Visual Studio\18\Community\VC\Tools\MSVC\14.51.36231\include\__msvc_ostream.hpp(408,39): message : candidate function not viable: cannot convert argument of incomplete type 'const std::filesystem::path' to 'double' for 1st argument
C:\Program Files\Microsoft Visual Studio\18\Community\VC\Tools\MSVC\14.51.36231\include\__msvc_ostream.hpp(426,39): message : candidate function not viable: cannot convert argument of incomplete type 'const std::filesystem::path' to 'long double' for 1st argument
C:\Program Files\Microsoft Visual Studio\18\Community\VC\Tools\MSVC\14.51.36231\include\__msvc_ostream.hpp(444,39): message : candidate function not viable: cannot convert argument of incomplete type 'const std::filesystem::path' to 'const void *' for 1st argument; take the address of the argument with &
C:\Program Files\Microsoft Visual Studio\18\Community\VC\Tools\MSVC\14.51.36231\include\__msvc_ostream.hpp(476,39): message : candidate function not viable: cannot convert argument of incomplete type 'const std::filesystem::path' to '_Mysb *' (aka 'basic_streambuf<char, std::char_traits<char>> *') for 1st argument
C:\Program Files\Microsoft Visual Studio\18\Community\VC\Tools\MSVC\14.51.36231\include\__msvc_ostream.hpp(471,20): message : candidate function template not viable: cannot convert argument of incomplete type 'const std::filesystem::path' to 'nullptr_t' (aka 'std::nullptr_t') for 1st argument
  In file included from main_server.cpp:47:
.\../Lua.hpp(140,40): error : member access into incomplete type 'const std::filesystem::path'
C:\Program Files\Microsoft Visual Studio\18\Community\VC\Tools\MSVC\14.51.36231\include\__msvc_filebuf.hpp(30,23): message : forward declaration of 'std::filesystem::path'
  In file included from main_server.cpp:47:
.\../Lua.hpp(145,14): error : invalid operands to binary expression ('ostream' (aka 'basic_ostream<char, char_traits<char>>') and 'const std::filesystem::path')
C:\Program Files\Microsoft Visual Studio\18\Community\VC\Tools\MSVC\14.51.36231\include\__msvc_ostream.hpp(684,32): message : candidate function template not viable: cannot convert argument of incomplete type 'const std::filesystem::path' to 'const char *' for 2nd argument
C:\Program Files\Microsoft Visual Studio\18\Community\VC\Tools\MSVC\14.51.36231\include\__msvc_ostream.hpp(728,32): message : candidate function template not viable: cannot convert argument of incomplete type 'const std::filesystem::path' to 'char' for 2nd argument
C:\Program Files\Microsoft Visual Studio\18\Community\VC\Tools\MSVC\14.51.36231\include\__msvc_ostream.hpp(764,31): message : candidate function template not viable: cannot convert argument of incomplete type 'const std::filesystem::path' to 'const char *' for 2nd argument
C:\Program Files\Microsoft Visual Studio\18\Community\VC\Tools\MSVC\14.51.36231\include\__msvc_ostream.hpp(809,31): message : candidate function template not viable: cannot convert argument of incomplete type 'const std::filesystem::path' to 'char' for 2nd argument
C:\Program Files\Microsoft Visual Studio\18\Community\VC\Tools\MSVC\14.51.36231\include\__msvc_ostream.hpp(926,31): message : candidate function template not viable: cannot convert argument of incomplete type 'const std::filesystem::path' to 'const signed char *' for 2nd argument
C:\Program Files\Microsoft Visual Studio\18\Community\VC\Tools\MSVC\14.51.36231\include\__msvc_ostream.hpp(932,31): message : candidate function template not viable: cannot convert argument of incomplete type 'const std::filesystem::path' to 'signed char' for 2nd argument
C:\Program Files\Microsoft Visual Studio\18\Community\VC\Tools\MSVC\14.51.36231\include\__msvc_ostream.hpp(937,31): message : candidate function template not viable: cannot convert argument of incomplete type 'const std::filesystem::path' to 'const unsigned char *' for 2nd argument
C:\Program Files\Microsoft Visual Studio\18\Community\VC\Tools\MSVC\14.51.36231\include\__msvc_ostream.hpp(943,31): message : candidate function template not viable: cannot convert argument of incomplete type 'const std::filesystem::path' to 'unsigned char' for 2nd argument
C:\Program Files\Microsoft Visual Studio\18\Community\VC\Tools\MSVC\14.51.36231\include\__msvc_ostream.hpp(1027,32): message : candidate function template not viable: cannot convert argument of incomplete type 'const std::filesystem::path' to 'const error_code' for 2nd argument
C:\Program Files\Microsoft Visual Studio\18\Community\VC\Tools\MSVC\14.51.36231\include\thread(298,26): message : candidate function template not viable: cannot convert argument of incomplete type 'const std::filesystem::path' to 'thread::id' for 2nd argument
C:\Program Files\Microsoft Visual Studio\18\Community\VC\Tools\MSVC\14.51.36231\include\__msvc_ostream.hpp(890,32): message : candidate template ignored: deduced conflicting types for parameter '_Elem' ('char' vs. 'std::filesystem::path')
C:\Program Files\Microsoft Visual Studio\18\Community\VC\Tools\MSVC\14.51.36231\include\cstddef(37,27): message : candidate template ignored: requirement 'is_integral_v<std::filesystem::path>' was not satisfied [with _IntType = std::filesystem::path]
C:\Program Files\Microsoft Visual Studio\18\Community\VC\Tools\MSVC\14.51.36231\include\__msvc_string_view.hpp(2119,32): message : candidate template ignored: could not match 'basic_string_view<_Elem, _Traits>' against 'std::filesystem::path'
C:\Program Files\Microsoft Visual Studio\18\Community\VC\Tools\MSVC\14.51.36231\include\xstring(3577,32): message : candidate template ignored: could not match 'const basic_string<_Elem, _Traits, _Alloc>' against 'const std::filesystem::path'
C:\Program Files\Microsoft Visual Studio\18\Community\VC\Tools\MSVC\14.51.36231\include\memory(2015,32): message : candidate template ignored: could not match 'const shared_ptr<_Ty>' against 'const std::filesystem::path'
C:\Program Files\Microsoft Visual Studio\18\Community\VC\Tools\MSVC\14.51.36231\include\memory(3828,32): message : candidate template ignored: could not match 'const unique_ptr<_Yty, _Dx>' against 'const std::filesystem::path'
C:\Program Files\Microsoft Visual Studio\18\Community\VC\Tools\MSVC\14.51.36231\include\__msvc_ostream.hpp(847,32): message : candidate template ignored: could not match 'const _Elem *' against 'std::filesystem::path'
C:\Program Files\Microsoft Visual Studio\18\Community\VC\Tools\MSVC\14.51.36231\include\__msvc_ostream.hpp(1001,9): message : candidate template ignored: substitution failure [with _Ostr = ostream &, _Ty = std::filesystem::path]: 'type name' declared as a pointer to a reference of type 'ostream &' (aka 'basic_ostream<char, char_traits<char>> &')
C:\Program Files\Microsoft Visual Studio\18\Community\VC\Tools\MSVC\14.51.36231\include\__msvc_ostream.hpp(185,39): message : candidate function not viable: cannot convert argument of incomplete type 'const std::filesystem::path' to 'basic_ostream<char, char_traits<char>> &(*)(basic_ostream<char, char_traits<char>> &) __attribute__((cdecl))' for 1st argument
C:\Program Files\Microsoft Visual Studio\18\Community\VC\Tools\MSVC\14.51.36231\include\__msvc_ostream.hpp(190,39): message : candidate function not viable: cannot convert argument of incomplete type 'const std::filesystem::path' to '_Myios &(*)(_Myios &) __attribute__((cdecl))' (aka 'basic_ios<char, std::char_traits<char>> &(*)(basic_ios<char, std::char_traits<char>> &)') for 1st argument
C:\Program Files\Microsoft Visual Studio\18\Community\VC\Tools\MSVC\14.51.36231\include\__msvc_ostream.hpp(196,39): message : candidate function not viable: cannot convert argument of incomplete type 'const std::filesystem::path' to 'ios_base &(*)(ios_base &) __attribute__((cdecl))' for 1st argument
C:\Program Files\Microsoft Visual Studio\18\Community\VC\Tools\MSVC\14.51.36231\include\__msvc_ostream.hpp(202,39): message : candidate function not viable: cannot convert argument of incomplete type 'const std::filesystem::path' to 'bool' for 1st argument
C:\Program Files\Microsoft Visual Studio\18\Community\VC\Tools\MSVC\14.51.36231\include\__msvc_ostream.hpp(220,39): message : candidate function not viable: cannot convert argument of incomplete type 'const std::filesystem::path' to 'short' for 1st argument
C:\Program Files\Microsoft Visual Studio\18\Community\VC\Tools\MSVC\14.51.36231\include\__msvc_ostream.hpp(254,39): message : candidate function not viable: cannot convert argument of incomplete type 'const std::filesystem::path' to 'unsigned short' for 1st argument
C:\Program Files\Microsoft Visual Studio\18\Community\VC\Tools\MSVC\14.51.36231\include\__msvc_ostream.hpp(273,39): message : candidate function not viable: cannot convert argument of incomplete type 'const std::filesystem::path' to 'int' for 1st argument
C:\Program Files\Microsoft Visual Studio\18\Community\VC\Tools\MSVC\14.51.36231\include\__msvc_ostream.hpp(299,39): message : candidate function not viable: cannot convert argument of incomplete type 'const std::filesystem::path' to 'unsigned int' for 1st argument
C:\Program Files\Microsoft Visual Studio\18\Community\VC\Tools\MSVC\14.51.36231\include\__msvc_ostream.hpp(318,39): message : candidate function not viable: cannot convert argument of incomplete type 'const std::filesystem::path' to 'long' for 1st argument
C:\Program Files\Microsoft Visual Studio\18\Community\VC\Tools\MSVC\14.51.36231\include\__msvc_ostream.hpp(336,39): message : candidate function not viable: cannot convert argument of incomplete type 'const std::filesystem::path' to 'unsigned long' for 1st argument
C:\Program Files\Microsoft Visual Studio\18\Community\VC\Tools\MSVC\14.51.36231\include\__msvc_ostream.hpp(354,39): message : candidate function not viable: cannot convert argument of incomplete type 'const std::filesystem::path' to 'long long' for 1st argument
C:\Program Files\Microsoft Visual Studio\18\Community\VC\Tools\MSVC\14.51.36231\include\__msvc_ostream.hpp(372,39): message : candidate function not viable: cannot convert argument of incomplete type 'const std::filesystem::path' to 'unsigned long long' for 1st argument
C:\Program Files\Microsoft Visual Studio\18\Community\VC\Tools\MSVC\14.51.36231\include\__msvc_ostream.hpp(390,39): message : candidate function not viable: cannot convert argument of incomplete type 'const std::filesystem::path' to 'float' for 1st argument
C:\Program Files\Microsoft Visual Studio\18\Community\VC\Tools\MSVC\14.51.36231\include\__msvc_ostream.hpp(408,39): message : candidate function not viable: cannot convert argument of incomplete type 'const std::filesystem::path' to 'double' for 1st argument
C:\Program Files\Microsoft Visual Studio\18\Community\VC\Tools\MSVC\14.51.36231\include\__msvc_ostream.hpp(426,39): message : candidate function not viable: cannot convert argument of incomplete type 'const std::filesystem::path' to 'long double' for 1st argument
C:\Program Files\Microsoft Visual Studio\18\Community\VC\Tools\MSVC\14.51.36231\include\__msvc_ostream.hpp(444,39): message : candidate function not viable: cannot convert argument of incomplete type 'const std::filesystem::path' to 'const void *' for 1st argument; take the address of the argument with &
C:\Program Files\Microsoft Visual Studio\18\Community\VC\Tools\MSVC\14.51.36231\include\__msvc_ostream.hpp(476,39): message : candidate function not viable: cannot convert argument of incomplete type 'const std::filesystem::path' to '_Mysb *' (aka 'basic_streambuf<char, std::char_traits<char>> *') for 1st argument
C:\Program Files\Microsoft Visual Studio\18\Community\VC\Tools\MSVC\14.51.36231\include\__msvc_ostream.hpp(471,20): message : candidate function template not viable: cannot convert argument of incomplete type 'const std::filesystem::path' to 'nullptr_t' (aka 'std::nullptr_t') for 1st argument
  In file included from main_server.cpp:47:
.\../Lua.hpp(150,34): error : member access into incomplete type 'const std::filesystem::path'
C:\Program Files\Microsoft Visual Studio\18\Community\VC\Tools\MSVC\14.51.36231\include\__msvc_filebuf.hpp(30,23): message : forward declaration of 'std::filesystem::path'
  In file included from main_server.cpp:47:
.\../Lua.hpp(153,52): error : member access into incomplete type 'const std::filesystem::path'
C:\Program Files\Microsoft Visual Studio\18\Community\VC\Tools\MSVC\14.51.36231\include\__msvc_filebuf.hpp(30,23): message : forward declaration of 'std::filesystem::path'
  In file included from main_server.cpp:47:
.\../Lua.hpp(154,35): error : invalid operands to binary expression ('basic_ostream<char, std::char_traits<char>>' and 'const std::filesystem::path')
C:\Program Files\Microsoft Visual Studio\18\Community\VC\Tools\MSVC\14.51.36231\include\__msvc_ostream.hpp(684,32): message : candidate function template not viable: cannot convert argument of incomplete type 'const std::filesystem::path' to 'const char *' for 2nd argument
C:\Program Files\Microsoft Visual Studio\18\Community\VC\Tools\MSVC\14.51.36231\include\__msvc_ostream.hpp(728,32): message : candidate function template not viable: cannot convert argument of incomplete type 'const std::filesystem::path' to 'char' for 2nd argument
C:\Program Files\Microsoft Visual Studio\18\Community\VC\Tools\MSVC\14.51.36231\include\__msvc_ostream.hpp(764,31): message : candidate function template not viable: cannot convert argument of incomplete type 'const std::filesystem::path' to 'const char *' for 2nd argument
C:\Program Files\Microsoft Visual Studio\18\Community\VC\Tools\MSVC\14.51.36231\include\__msvc_ostream.hpp(809,31): message : candidate function template not viable: cannot convert argument of incomplete type 'const std::filesystem::path' to 'char' for 2nd argument
C:\Program Files\Microsoft Visual Studio\18\Community\VC\Tools\MSVC\14.51.36231\include\__msvc_ostream.hpp(926,31): message : candidate function template not viable: cannot convert argument of incomplete type 'const std::filesystem::path' to 'const signed char *' for 2nd argument
C:\Program Files\Microsoft Visual Studio\18\Community\VC\Tools\MSVC\14.51.36231\include\__msvc_ostream.hpp(932,31): message : candidate function template not viable: cannot convert argument of incomplete type 'const std::filesystem::path' to 'signed char' for 2nd argument
C:\Program Files\Microsoft Visual Studio\18\Community\VC\Tools\MSVC\14.51.36231\include\__msvc_ostream.hpp(937,31): message : candidate function template not viable: cannot convert argument of incomplete type 'const std::filesystem::path' to 'const unsigned char *' for 2nd argument
C:\Program Files\Microsoft Visual Studio\18\Community\VC\Tools\MSVC\14.51.36231\include\__msvc_ostream.hpp(943,31): message : candidate function template not viable: cannot convert argument of incomplete type 'const std::filesystem::path' to 'unsigned char' for 2nd argument
C:\Program Files\Microsoft Visual Studio\18\Community\VC\Tools\MSVC\14.51.36231\include\__msvc_ostream.hpp(1027,32): message : candidate function template not viable: cannot convert argument of incomplete type 'const std::filesystem::path' to 'const error_code' for 2nd argument
C:\Program Files\Microsoft Visual Studio\18\Community\VC\Tools\MSVC\14.51.36231\include\thread(298,26): message : candidate function template not viable: cannot convert argument of incomplete type 'const std::filesystem::path' to 'thread::id' for 2nd argument
C:\Program Files\Microsoft Visual Studio\18\Community\VC\Tools\MSVC\14.51.36231\include\__msvc_ostream.hpp(890,32): message : candidate template ignored: deduced conflicting types for parameter '_Elem' ('char' vs. 'std::filesystem::path')
C:\Program Files\Microsoft Visual Studio\18\Community\VC\Tools\MSVC\14.51.36231\include\cstddef(37,27): message : candidate template ignored: requirement 'is_integral_v<std::filesystem::path>' was not satisfied [with _IntType = std::filesystem::path]
C:\Program Files\Microsoft Visual Studio\18\Community\VC\Tools\MSVC\14.51.36231\include\__msvc_string_view.hpp(2119,32): message : candidate template ignored: could not match 'basic_string_view<_Elem, _Traits>' against 'std::filesystem::path'
C:\Program Files\Microsoft Visual Studio\18\Community\VC\Tools\MSVC\14.51.36231\include\xstring(3577,32): message : candidate template ignored: could not match 'const basic_string<_Elem, _Traits, _Alloc>' against 'const std::filesystem::path'
C:\Program Files\Microsoft Visual Studio\18\Community\VC\Tools\MSVC\14.51.36231\include\memory(2015,32): message : candidate template ignored: could not match 'const shared_ptr<_Ty>' against 'const std::filesystem::path'
C:\Program Files\Microsoft Visual Studio\18\Community\VC\Tools\MSVC\14.51.36231\include\memory(3828,32): message : candidate template ignored: could not match 'const unique_ptr<_Yty, _Dx>' against 'const std::filesystem::path'
C:\Program Files\Microsoft Visual Studio\18\Community\VC\Tools\MSVC\14.51.36231\include\__msvc_ostream.hpp(847,32): message : candidate template ignored: could not match 'const _Elem *' against 'std::filesystem::path'
C:\Program Files\Microsoft Visual Studio\18\Community\VC\Tools\MSVC\14.51.36231\include\__msvc_ostream.hpp(1001,9): message : candidate template ignored: substitution failure [with _Ostr = basic_ostream<char, std::char_traits<char>> &, _Ty = std::filesystem::path]: 'type name' declared as a pointer to a reference of type 'basic_ostream<char, std::char_traits<char>> &'
C:\Program Files\Microsoft Visual Studio\18\Community\VC\Tools\MSVC\14.51.36231\include\__msvc_ostream.hpp(185,39): message : candidate function not viable: cannot convert argument of incomplete type 'const std::filesystem::path' to 'basic_ostream<char, char_traits<char>> &(*)(basic_ostream<char, char_traits<char>> &) __attribute__((cdecl))' for 1st argument
C:\Program Files\Microsoft Visual Studio\18\Community\VC\Tools\MSVC\14.51.36231\include\__msvc_ostream.hpp(190,39): message : candidate function not viable: cannot convert argument of incomplete type 'const std::filesystem::path' to '_Myios &(*)(_Myios &) __attribute__((cdecl))' (aka 'basic_ios<char, std::char_traits<char>> &(*)(basic_ios<char, std::char_traits<char>> &)') for 1st argument
C:\Program Files\Microsoft Visual Studio\18\Community\VC\Tools\MSVC\14.51.36231\include\__msvc_ostream.hpp(196,39): message : candidate function not viable: cannot convert argument of incomplete type 'const std::filesystem::path' to 'ios_base &(*)(ios_base &) __attribute__((cdecl))' for 1st argument
C:\Program Files\Microsoft Visual Studio\18\Community\VC\Tools\MSVC\14.51.36231\include\__msvc_ostream.hpp(202,39): message : candidate function not viable: cannot convert argument of incomplete type 'const std::filesystem::path' to 'bool' for 1st argument
C:\Program Files\Microsoft Visual Studio\18\Community\VC\Tools\MSVC\14.51.36231\include\__msvc_ostream.hpp(220,39): message : candidate function not viable: cannot convert argument of incomplete type 'const std::filesystem::path' to 'short' for 1st argument
C:\Program Files\Microsoft Visual Studio\18\Community\VC\Tools\MSVC\14.51.36231\include\__msvc_ostream.hpp(254,39): message : candidate function not viable: cannot convert argument of incomplete type 'const std::filesystem::path' to 'unsigned short' for 1st argument
C:\Program Files\Microsoft Visual Studio\18\Community\VC\Tools\MSVC\14.51.36231\include\__msvc_ostream.hpp(273,39): message : candidate function not viable: cannot convert argument of incomplete type 'const std::filesystem::path' to 'int' for 1st argument
C:\Program Files\Microsoft Visual Studio\18\Community\VC\Tools\MSVC\14.51.36231\include\__msvc_ostream.hpp(299,39): message : candidate function not viable: cannot convert argument of incomplete type 'const std::filesystem::path' to 'unsigned int' for 1st argument
C:\Program Files\Microsoft Visual Studio\18\Community\VC\Tools\MSVC\14.51.36231\include\__msvc_ostream.hpp(318,39): message : candidate function not viable: cannot convert argument of incomplete type 'const std::filesystem::path' to 'long' for 1st argument
C:\Program Files\Microsoft Visual Studio\18\Community\VC\Tools\MSVC\14.51.36231\include\__msvc_ostream.hpp(336,39): message : candidate function not viable: cannot convert argument of incomplete type 'const std::filesystem::path' to 'unsigned long' for 1st argument
C:\Program Files\Microsoft Visual Studio\18\Community\VC\Tools\MSVC\14.51.36231\include\__msvc_ostream.hpp(354,39): message : candidate function not viable: cannot convert argument of incomplete type 'const std::filesystem::path' to 'long long' for 1st argument
C:\Program Files\Microsoft Visual Studio\18\Community\VC\Tools\MSVC\14.51.36231\include\__msvc_ostream.hpp(372,39): message : candidate function not viable: cannot convert argument of incomplete type 'const std::filesystem::path' to 'unsigned long long' for 1st argument
C:\Program Files\Microsoft Visual Studio\18\Community\VC\Tools\MSVC\14.51.36231\include\__msvc_ostream.hpp(390,39): message : candidate function not viable: cannot convert argument of incomplete type 'const std::filesystem::path' to 'float' for 1st argument
C:\Program Files\Microsoft Visual Studio\18\Community\VC\Tools\MSVC\14.51.36231\include\__msvc_ostream.hpp(408,39): message : candidate function not viable: cannot convert argument of incomplete type 'const std::filesystem::path' to 'double' for 1st argument
C:\Program Files\Microsoft Visual Studio\18\Community\VC\Tools\MSVC\14.51.36231\include\__msvc_ostream.hpp(426,39): message : candidate function not viable: cannot convert argument of incomplete type 'const std::filesystem::path' to 'long double' for 1st argument
C:\Program Files\Microsoft Visual Studio\18\Community\VC\Tools\MSVC\14.51.36231\include\__msvc_ostream.hpp(444,39): message : candidate function not viable: cannot convert argument of incomplete type 'const std::filesystem::path' to 'const void *' for 1st argument; take the address of the argument with &
C:\Program Files\Microsoft Visual Studio\18\Community\VC\Tools\MSVC\14.51.36231\include\__msvc_ostream.hpp(476,39): message : candidate function not viable: cannot convert argument of incomplete type 'const std::filesystem::path' to '_Mysb *' (aka 'basic_streambuf<char, std::char_traits<char>> *') for 1st argument
C:\Program Files\Microsoft Visual Studio\18\Community\VC\Tools\MSVC\14.51.36231\include\__msvc_ostream.hpp(471,20): message : candidate function template not viable: cannot convert argument of incomplete type 'const std::filesystem::path' to 'nullptr_t' (aka 'std::nullptr_t') for 1st argument
  In file included from main_server.cpp:47:
.\../Lua.hpp(164,14): error : invalid operands to binary expression ('ostream' (aka 'basic_ostream<char, char_traits<char>>') and 'const std::filesystem::path')
C:\Program Files\Microsoft Visual Studio\18\Community\VC\Tools\MSVC\14.51.36231\include\__msvc_ostream.hpp(684,32): message : candidate function template not viable: cannot convert argument of incomplete type 'const std::filesystem::path' to 'const char *' for 2nd argument
C:\Program Files\Microsoft Visual Studio\18\Community\VC\Tools\MSVC\14.51.36231\include\__msvc_ostream.hpp(728,32): message : candidate function template not viable: cannot convert argument of incomplete type 'const std::filesystem::path' to 'char' for 2nd argument
C:\Program Files\Microsoft Visual Studio\18\Community\VC\Tools\MSVC\14.51.36231\include\__msvc_ostream.hpp(764,31): message : candidate function template not viable: cannot convert argument of incomplete type 'const std::filesystem::path' to 'const char *' for 2nd argument
C:\Program Files\Microsoft Visual Studio\18\Community\VC\Tools\MSVC\14.51.36231\include\__msvc_ostream.hpp(809,31): message : candidate function template not viable: cannot convert argument of incomplete type 'const std::filesystem::path' to 'char' for 2nd argument
C:\Program Files\Microsoft Visual Studio\18\Community\VC\Tools\MSVC\14.51.36231\include\__msvc_ostream.hpp(926,31): message : candidate function template not viable: cannot convert argument of incomplete type 'const std::filesystem::path' to 'const signed char *' for 2nd argument
C:\Program Files\Microsoft Visual Studio\18\Community\VC\Tools\MSVC\14.51.36231\include\__msvc_ostream.hpp(932,31): message : candidate function template not viable: cannot convert argument of incomplete type 'const std::filesystem::path' to 'signed char' for 2nd argument
C:\Program Files\Microsoft Visual Studio\18\Community\VC\Tools\MSVC\14.51.36231\include\__msvc_ostream.hpp(937,31): message : candidate function template not viable: cannot convert argument of incomplete type 'const std::filesystem::path' to 'const unsigned char *' for 2nd argument
C:\Program Files\Microsoft Visual Studio\18\Community\VC\Tools\MSVC\14.51.36231\include\__msvc_ostream.hpp(943,31): message : candidate function template not viable: cannot convert argument of incomplete type 'const std::filesystem::path' to 'unsigned char' for 2nd argument
C:\Program Files\Microsoft Visual Studio\18\Community\VC\Tools\MSVC\14.51.36231\include\__msvc_ostream.hpp(1027,32): message : candidate function template not viable: cannot convert argument of incomplete type 'const std::filesystem::path' to 'const error_code' for 2nd argument
C:\Program Files\Microsoft Visual Studio\18\Community\VC\Tools\MSVC\14.51.36231\include\thread(298,26): message : candidate function template not viable: cannot convert argument of incomplete type 'const std::filesystem::path' to 'thread::id' for 2nd argument
C:\Program Files\Microsoft Visual Studio\18\Community\VC\Tools\MSVC\14.51.36231\include\__msvc_ostream.hpp(890,32): message : candidate template ignored: deduced conflicting types for parameter '_Elem' ('char' vs. 'std::filesystem::path')
C:\Program Files\Microsoft Visual Studio\18\Community\VC\Tools\MSVC\14.51.36231\include\cstddef(37,27): message : candidate template ignored: requirement 'is_integral_v<std::filesystem::path>' was not satisfied [with _IntType = std::filesystem::path]
C:\Program Files\Microsoft Visual Studio\18\Community\VC\Tools\MSVC\14.51.36231\include\__msvc_string_view.hpp(2119,32): message : candidate template ignored: could not match 'basic_string_view<_Elem, _Traits>' against 'std::filesystem::path'
C:\Program Files\Microsoft Visual Studio\18\Community\VC\Tools\MSVC\14.51.36231\include\xstring(3577,32): message : candidate template ignored: could not match 'const basic_string<_Elem, _Traits, _Alloc>' against 'const std::filesystem::path'
C:\Program Files\Microsoft Visual Studio\18\Community\VC\Tools\MSVC\14.51.36231\include\memory(2015,32): message : candidate template ignored: could not match 'const shared_ptr<_Ty>' against 'const std::filesystem::path'
C:\Program Files\Microsoft Visual Studio\18\Community\VC\Tools\MSVC\14.51.36231\include\memory(3828,32): message : candidate template ignored: could not match 'const unique_ptr<_Yty, _Dx>' against 'const std::filesystem::path'
C:\Program Files\Microsoft Visual Studio\18\Community\VC\Tools\MSVC\14.51.36231\include\__msvc_ostream.hpp(847,32): message : candidate template ignored: could not match 'const _Elem *' against 'std::filesystem::path'
C:\Program Files\Microsoft Visual Studio\18\Community\VC\Tools\MSVC\14.51.36231\include\__msvc_ostream.hpp(1001,9): message : candidate template ignored: substitution failure [with _Ostr = ostream &, _Ty = std::filesystem::path]: 'type name' declared as a pointer to a reference of type 'ostream &' (aka 'basic_ostream<char, char_traits<char>> &')
C:\Program Files\Microsoft Visual Studio\18\Community\VC\Tools\MSVC\14.51.36231\include\__msvc_ostream.hpp(185,39): message : candidate function not viable: cannot convert argument of incomplete type 'const std::filesystem::path' to 'basic_ostream<char, char_traits<char>> &(*)(basic_ostream<char, char_traits<char>> &) __attribute__((cdecl))' for 1st argument
C:\Program Files\Microsoft Visual Studio\18\Community\VC\Tools\MSVC\14.51.36231\include\__msvc_ostream.hpp(190,39): message : candidate function not viable: cannot convert argument of incomplete type 'const std::filesystem::path' to '_Myios &(*)(_Myios &) __attribute__((cdecl))' (aka 'basic_ios<char, std::char_traits<char>> &(*)(basic_ios<char, std::char_traits<char>> &)') for 1st argument
C:\Program Files\Microsoft Visual Studio\18\Community\VC\Tools\MSVC\14.51.36231\include\__msvc_ostream.hpp(196,39): message : candidate function not viable: cannot convert argument of incomplete type 'const std::filesystem::path' to 'ios_base &(*)(ios_base &) __attribute__((cdecl))' for 1st argument
C:\Program Files\Microsoft Visual Studio\18\Community\VC\Tools\MSVC\14.51.36231\include\__msvc_ostream.hpp(202,39): message : candidate function not viable: cannot convert argument of incomplete type 'const std::filesystem::path' to 'bool' for 1st argument
C:\Program Files\Microsoft Visual Studio\18\Community\VC\Tools\MSVC\14.51.36231\include\__msvc_ostream.hpp(220,39): message : candidate function not viable: cannot convert argument of incomplete type 'const std::filesystem::path' to 'short' for 1st argument
C:\Program Files\Microsoft Visual Studio\18\Community\VC\Tools\MSVC\14.51.36231\include\__msvc_ostream.hpp(254,39): message : candidate function not viable: cannot convert argument of incomplete type 'const std::filesystem::path' to 'unsigned short' for 1st argument
C:\Program Files\Microsoft Visual Studio\18\Community\VC\Tools\MSVC\14.51.36231\include\__msvc_ostream.hpp(273,39): message : candidate function not viable: cannot convert argument of incomplete type 'const std::filesystem::path' to 'int' for 1st argument
C:\Program Files\Microsoft Visual Studio\18\Community\VC\Tools\MSVC\14.51.36231\include\__msvc_ostream.hpp(299,39): message : candidate function not viable: cannot convert argument of incomplete type 'const std::filesystem::path' to 'unsigned int' for 1st argument
C:\Program Files\Microsoft Visual Studio\18\Community\VC\Tools\MSVC\14.51.36231\include\__msvc_ostream.hpp(318,39): message : candidate function not viable: cannot convert argument of incomplete type 'const std::filesystem::path' to 'long' for 1st argument
C:\Program Files\Microsoft Visual Studio\18\Community\VC\Tools\MSVC\14.51.36231\include\__msvc_ostream.hpp(336,39): message : candidate function not viable: cannot convert argument of incomplete type 'const std::filesystem::path' to 'unsigned long' for 1st argument
C:\Program Files\Microsoft Visual Studio\18\Community\VC\Tools\MSVC\14.51.36231\include\__msvc_ostream.hpp(354,39): message : candidate function not viable: cannot convert argument of incomplete type 'const std::filesystem::path' to 'long long' for 1st argument
C:\Program Files\Microsoft Visual Studio\18\Community\VC\Tools\MSVC\14.51.36231\include\__msvc_ostream.hpp(372,39): message : candidate function not viable: cannot convert argument of incomplete type 'const std::filesystem::path' to 'unsigned long long' for 1st argument
C:\Program Files\Microsoft Visual Studio\18\Community\VC\Tools\MSVC\14.51.36231\include\__msvc_ostream.hpp(390,39): message : candidate function not viable: cannot convert argument of incomplete type 'const std::filesystem::path' to 'float' for 1st argument
C:\Program Files\Microsoft Visual Studio\18\Community\VC\Tools\MSVC\14.51.36231\include\__msvc_ostream.hpp(408,39): message : candidate function not viable: cannot convert argument of incomplete type 'const std::filesystem::path' to 'double' for 1st argument
C:\Program Files\Microsoft Visual Studio\18\Community\VC\Tools\MSVC\14.51.36231\include\__msvc_ostream.hpp(426,39): message : candidate function not viable: cannot convert argument of incomplete type 'const std::filesystem::path' to 'long double' for 1st argument
C:\Program Files\Microsoft Visual Studio\18\Community\VC\Tools\MSVC\14.51.36231\include\__msvc_ostream.hpp(444,39): message : candidate function not viable: cannot convert argument of incomplete type 'const std::filesystem::path' to 'const void *' for 1st argument; take the address of the argument with &
C:\Program Files\Microsoft Visual Studio\18\Community\VC\Tools\MSVC\14.51.36231\include\__msvc_ostream.hpp(476,39): message : candidate function not viable: cannot convert argument of incomplete type 'const std::filesystem::path' to '_Mysb *' (aka 'basic_streambuf<char, std::char_traits<char>> *') for 1st argument
C:\Program Files\Microsoft Visual Studio\18\Community\VC\Tools\MSVC\14.51.36231\include\__msvc_ostream.hpp(471,20): message : candidate function template not viable: cannot convert argument of incomplete type 'const std::filesystem::path' to 'nullptr_t' (aka 'std::nullptr_t') for 1st argument
  In file included from main_server.cpp:47:
.\../Lua.hpp(169,48): error : member access into incomplete type 'const std::filesystem::path'
C:\Program Files\Microsoft Visual Studio\18\Community\VC\Tools\MSVC\14.51.36231\include\__msvc_filebuf.hpp(30,23): message : forward declaration of 'std::filesystem::path'
  In file included from main_server.cpp:47:
.\../Lua.hpp(206,43): error : no member named 'directory_entry' in namespace 'std::filesystem'
.\../Lua.hpp(265,9): error : no member named 'exists' in namespace 'std::filesystem'; did you mean 'exit'?
C:\Program Files (x86)\Windows Kits\10\Include\10.0.26100.0\ucrt\process.h(42,48): message : 'exit' declared here
  In file included from main_server.cpp:47:
.\../Lua.hpp(265,33): error : no viable conversion from 'const std::string' (aka 'const basic_string<char, char_traits<char>, allocator<char>>') to 'int'
C:\Program Files\Microsoft Visual Studio\18\Community\VC\Tools\MSVC\14.51.36231\include\xstring(2195,33): message : candidate function
C:\Program Files (x86)\Windows Kits\10\Include\10.0.26100.0\ucrt\process.h(42,62): message : passing argument to parameter '_Code' here
  In file included from main_server.cpp:47:
  In file included from .\../Lua.hpp:104:
.\..\LuaLibraries/LuaMatrix.hpp(51,22): warning : unused variable 'MatrixUD' [-Wunused-variable]
.\..\LuaLibraries/LuaMatrix.hpp(145,49): message : in instantiation of function template specialization '(anonymous namespace)::_LuaMatrix::__tostring<(anonymous namespace)::_MatrixBase<Math::Vector4, 4, 4>>' requested here
.\..\LuaLibraries/LuaMatrix.hpp(212,17): message : in instantiation of function template specialization '(anonymous namespace)::_LuaMatrix::SetupMatrix<(anonymous namespace)::_MatrixBase<Math::Vector4, 4, 4>>' requested here
.\..\LuaLibraries/LuaMatrix.hpp(107,26): warning : unused variable 'B' [-Wunused-variable]
.\..\LuaLibraries/LuaMatrix.hpp(157,49): message : in instantiation of function template specialization '(anonymous namespace)::_LuaMatrix::__mul<(anonymous namespace)::_MatrixBase<Math::Vector4, 4, 4>>' requested here
.\..\LuaLibraries/LuaMatrix.hpp(212,17): message : in instantiation of function template specialization '(anonymous namespace)::_LuaMatrix::SetupMatrix<(anonymous namespace)::_MatrixBase<Math::Vector4, 4, 4>>' requested here
