  In file included from main_client.cpp:52:
.\../Memory.hpp(89,5): warning : non-void function does not return a value [-Wreturn-type]
  In file included from main_client.cpp:71:
.\Sound_Client.hpp(100,2): warning : "remember to change this function when SDL3_mixer decides to tell us the decoded size of an audio. what a shit library." [-W#warnings]
  In file included from main_client.cpp:72:
.\Network_Client.hpp(190,12): warning : enumeration value 'NET_WAITING' not handled in switch [-Wswitch]
.\Network_Client.hpp(215,98): warning : result of comparison of constant -1 with expression of type 'bool' is always false [-Wtautological-constant-out-of-range-compare]
.\Network_Client.hpp(282,8): warning : variable 'CurrentEventPool' set but not used [-Wunused-but-set-variable]
  In file included from main_client.cpp:75:
  In file included from .\../Lua.hpp:97:
.\..\LuaLibraries/LuaInput.hpp(202,3): warning : function declared 'noreturn' should not return [-Winvalid-noreturn]
  In file included from main_client.cpp:75:
  In file included from .\../Lua.hpp:103:
.\..\Client/LuaLibraries/LuaNetwork_Client.hpp(59,6): warning : ignoring return value of function declared with 'nodiscard' attribute [-Wunused-result]
.\..\Client/LuaLibraries/LuaNetwork_Client.hpp(50,12): warning : unused variable 'Userdata' [-Wunused-variable]
.\..\Client/LuaLibraries/LuaNetwork_Client.hpp(34,17): warning : variable 'RemoteEventUD' set but not used [-Wunused-but-set-variable]
.\..\Client/LuaLibraries/LuaNetwork_Client.hpp(45,11): warning : unused variable 'BufferSize' [-Wunused-variable]
.\..\Client/LuaLibraries/LuaNetwork_Client.hpp(73,3): warning : non-void function does not return a value [-Wreturn-type]
  In file included from main_client.cpp:75:
  In file included from .\../Lua.hpp:90:
.\..\LuaLibraries/LuaMatrix.hpp(51,22): warning : unused variable 'MatrixUD' [-Wunused-variable]
.\..\LuaLibraries/LuaMatrix.hpp(145,49): message : in instantiation of function template specialization '(anonymous namespace)::_LuaMatrix::__tostring<(anonymous namespace)::_MatrixBase<Math::Vector4, 4, 4>>' requested here
.\..\LuaLibraries/LuaMatrix.hpp(212,17): message : in instantiation of function template specialization '(anonymous namespace)::_LuaMatrix::SetupMatrix<(anonymous namespace)::_MatrixBase<Math::Vector4, 4, 4>>' requested here
.\..\LuaLibraries/LuaMatrix.hpp(107,26): warning : unused variable 'B' [-Wunused-variable]
.\..\LuaLibraries/LuaMatrix.hpp(157,49): message : in instantiation of function template specialization '(anonymous namespace)::_LuaMatrix::__mul<(anonymous namespace)::_MatrixBase<Math::Vector4, 4, 4>>' requested here
.\..\LuaLibraries/LuaMatrix.hpp(212,17): message : in instantiation of function template specialization '(anonymous namespace)::_LuaMatrix::SetupMatrix<(anonymous namespace)::_MatrixBase<Math::Vector4, 4, 4>>' requested here
  In file included from main_client.cpp:52:
.\../Memory.hpp(21,18): warning : unused function '_Allocate' [-Wunused-function]
.\../Memory.hpp(48,17): warning : unused function '_Free' [-Wunused-function]
  In file included from main_client.cpp:72:
.\Network_Client.hpp(177,14): warning : unused function '_GlobalServerLocater' [-Wunused-function]
  In file included from main_client.cpp:75:
  In file included from .\../Lua.hpp:96:
  In file included from .\..\LuaLibraries/LuaGraphics.hpp:19:
.\..\LuaLibraries\LuaGraphics_Classes/LuaGraphics_Texture.hpp(82,47): warning : unused function 'Unbind' [-Wunused-function]
.\..\LuaLibraries\LuaGraphics_Classes/LuaGraphics_Texture.hpp(88,47): warning : unused function 'SetActiveTexture' [-Wunused-function]
.\..\LuaLibraries\LuaGraphics_Classes/LuaGraphics_Texture.hpp(123,47): warning : unused function 'SetFilteringUpscale' [-Wunused-function]
.\..\LuaLibraries\LuaGraphics_Classes/LuaGraphics_Texture.hpp(131,47): warning : unused function 'SetFilteringDownscale' [-Wunused-function]
.\..\LuaLibraries\LuaGraphics_Classes/LuaGraphics_Texture.hpp(47,14): warning : unused function 'SetWrappingHorizontal' [-Wunused-function]
.\..\LuaLibraries\LuaGraphics_Classes/LuaGraphics_Texture.hpp(48,14): warning : unused function 'SetWrappingVertical' [-Wunused-function]
.\..\LuaLibraries\LuaGraphics_Classes/LuaGraphics_Texture.hpp(94,47): warning : unused function 'SetTexImage2D' [-Wunused-function]
  In file included from main_client.cpp:75:
  In file included from .\../Lua.hpp:103:
.\..\Client/LuaLibraries/LuaNetwork_Client.hpp(22,13): warning : unused function 'GetRemotePool' [-Wunused-function]
  In file included from main_client.cpp:75:
  In file included from .\../Lua.hpp:104:
.\..\Client/LuaLibraries/LuaSound_Client.hpp(13,13): warning : unused function 'SetListenerPosition' [-Wunused-function]
.\..\Client/LuaLibraries/LuaSound_Client.hpp(18,13): warning : unused function 'SetListenerVelocity' [-Wunused-function]
.\..\Client/LuaLibraries/LuaSound_Client.hpp(23,13): warning : unused function 'SetListenerOrientation' [-Wunused-function]
  Client-Cube Cavern++.vcxproj -> C:\Users\super\OneDrive\Documents\VS\C&C++\Cube Cavern++\Debug\Client-Cube Cavern++.exe
